Archive member included to satisfy reference by file (symbol)

D:/IDE/ST/STM32CubeIDE_1.13.0/STM32CubeIDE/plugins/com.st.stm32cube.ide.mcu.externaltools.gnu-tools-for-stm32.11.3.rel1.win32_1.1.0.202305231506/tools/bin/../lib/gcc/arm-none-eabi/11.3.1/../../../../arm-none-eabi/lib/thumb/v7e-m/nofp\libc_nano.a(libc_a-exit.o)
                              D:/IDE/ST/STM32CubeIDE_1.13.0/STM32CubeIDE/plugins/com.st.stm32cube.ide.mcu.externaltools.gnu-tools-for-stm32.11.3.rel1.win32_1.1.0.202305231506/tools/bin/../lib/gcc/arm-none-eabi/11.3.1/../../../../arm-none-eabi/lib/thumb/v7e-m/nofp/crt0.o (exit)
D:/IDE/ST/STM32CubeIDE_1.13.0/STM32CubeIDE/plugins/com.st.stm32cube.ide.mcu.externaltools.gnu-tools-for-stm32.11.3.rel1.win32_1.1.0.202305231506/tools/bin/../lib/gcc/arm-none-eabi/11.3.1/../../../../arm-none-eabi/lib/thumb/v7e-m/nofp\libc_nano.a(libc_a-findfp.o)
                              D:/IDE/ST/STM32CubeIDE_1.13.0/STM32CubeIDE/plugins/com.st.stm32cube.ide.mcu.externaltools.gnu-tools-for-stm32.11.3.rel1.win32_1.1.0.202305231506/tools/bin/../lib/gcc/arm-none-eabi/11.3.1/../../../../arm-none-eabi/lib/thumb/v7e-m/nofp\libc_nano.a(libc_a-exit.o) (__stdio_exit_handler)
D:/IDE/ST/STM32CubeIDE_1.13.0/STM32CubeIDE/plugins/com.st.stm32cube.ide.mcu.externaltools.gnu-tools-for-stm32.11.3.rel1.win32_1.1.0.202305231506/tools/bin/../lib/gcc/arm-none-eabi/11.3.1/../../../../arm-none-eabi/lib/thumb/v7e-m/nofp\libc_nano.a(libc_a-fwalk.o)
                              D:/IDE/ST/STM32CubeIDE_1.13.0/STM32CubeIDE/plugins/com.st.stm32cube.ide.mcu.externaltools.gnu-tools-for-stm32.11.3.rel1.win32_1.1.0.202305231506/tools/bin/../lib/gcc/arm-none-eabi/11.3.1/../../../../arm-none-eabi/lib/thumb/v7e-m/nofp\libc_nano.a(libc_a-findfp.o) (_fwalk_sglue)
D:/IDE/ST/STM32CubeIDE_1.13.0/STM32CubeIDE/plugins/com.st.stm32cube.ide.mcu.externaltools.gnu-tools-for-stm32.11.3.rel1.win32_1.1.0.202305231506/tools/bin/../lib/gcc/arm-none-eabi/11.3.1/../../../../arm-none-eabi/lib/thumb/v7e-m/nofp\libc_nano.a(libc_a-stdio.o)
                              D:/IDE/ST/STM32CubeIDE_1.13.0/STM32CubeIDE/plugins/com.st.stm32cube.ide.mcu.externaltools.gnu-tools-for-stm32.11.3.rel1.win32_1.1.0.202305231506/tools/bin/../lib/gcc/arm-none-eabi/11.3.1/../../../../arm-none-eabi/lib/thumb/v7e-m/nofp\libc_nano.a(libc_a-findfp.o) (__sread)
D:/IDE/ST/STM32CubeIDE_1.13.0/STM32CubeIDE/plugins/com.st.stm32cube.ide.mcu.externaltools.gnu-tools-for-stm32.11.3.rel1.win32_1.1.0.202305231506/tools/bin/../lib/gcc/arm-none-eabi/11.3.1/../../../../arm-none-eabi/lib/thumb/v7e-m/nofp\libc_nano.a(libc_a-memset.o)
                              D:/IDE/ST/STM32CubeIDE_1.13.0/STM32CubeIDE/plugins/com.st.stm32cube.ide.mcu.externaltools.gnu-tools-for-stm32.11.3.rel1.win32_1.1.0.202305231506/tools/bin/../lib/gcc/arm-none-eabi/11.3.1/../../../../arm-none-eabi/lib/thumb/v7e-m/nofp/crt0.o (memset)
D:/IDE/ST/STM32CubeIDE_1.13.0/STM32CubeIDE/plugins/com.st.stm32cube.ide.mcu.externaltools.gnu-tools-for-stm32.11.3.rel1.win32_1.1.0.202305231506/tools/bin/../lib/gcc/arm-none-eabi/11.3.1/../../../../arm-none-eabi/lib/thumb/v7e-m/nofp\libc_nano.a(libc_a-closer.o)
                              D:/IDE/ST/STM32CubeIDE_1.13.0/STM32CubeIDE/plugins/com.st.stm32cube.ide.mcu.externaltools.gnu-tools-for-stm32.11.3.rel1.win32_1.1.0.202305231506/tools/bin/../lib/gcc/arm-none-eabi/11.3.1/../../../../arm-none-eabi/lib/thumb/v7e-m/nofp\libc_nano.a(libc_a-stdio.o) (_close_r)
D:/IDE/ST/STM32CubeIDE_1.13.0/STM32CubeIDE/plugins/com.st.stm32cube.ide.mcu.externaltools.gnu-tools-for-stm32.11.3.rel1.win32_1.1.0.202305231506/tools/bin/../lib/gcc/arm-none-eabi/11.3.1/../../../../arm-none-eabi/lib/thumb/v7e-m/nofp\libc_nano.a(libc_a-reent.o)
                              D:/IDE/ST/STM32CubeIDE_1.13.0/STM32CubeIDE/plugins/com.st.stm32cube.ide.mcu.externaltools.gnu-tools-for-stm32.11.3.rel1.win32_1.1.0.202305231506/tools/bin/../lib/gcc/arm-none-eabi/11.3.1/../../../../arm-none-eabi/lib/thumb/v7e-m/nofp\libc_nano.a(libc_a-closer.o) (errno)
D:/IDE/ST/STM32CubeIDE_1.13.0/STM32CubeIDE/plugins/com.st.stm32cube.ide.mcu.externaltools.gnu-tools-for-stm32.11.3.rel1.win32_1.1.0.202305231506/tools/bin/../lib/gcc/arm-none-eabi/11.3.1/../../../../arm-none-eabi/lib/thumb/v7e-m/nofp\libc_nano.a(libc_a-impure.o)
                              D:/IDE/ST/STM32CubeIDE_1.13.0/STM32CubeIDE/plugins/com.st.stm32cube.ide.mcu.externaltools.gnu-tools-for-stm32.11.3.rel1.win32_1.1.0.202305231506/tools/bin/../lib/gcc/arm-none-eabi/11.3.1/../../../../arm-none-eabi/lib/thumb/v7e-m/nofp\libc_nano.a(libc_a-reent.o) (_impure_ptr)
D:/IDE/ST/STM32CubeIDE_1.13.0/STM32CubeIDE/plugins/com.st.stm32cube.ide.mcu.externaltools.gnu-tools-for-stm32.11.3.rel1.win32_1.1.0.202305231506/tools/bin/../lib/gcc/arm-none-eabi/11.3.1/../../../../arm-none-eabi/lib/thumb/v7e-m/nofp\libc_nano.a(libc_a-lseekr.o)
[...]
Memory Configuration

Name             Origin             Length             Attributes
RAM              0x0000000020000000 0x0000000000020000 xrw
FLASH            0x0000000008000000 0x0000000000080000 xr
*default*        0x0000000000000000 0xffffffffffffffff

Linker script and memory map

LOAD D:/IDE/ST/STM32CubeIDE_1.13.0/STM32CubeIDE/plugins/com.st.stm32cube.ide.mcu.externaltools.gnu-tools-for-stm32.11.3.rel1.win32_1.1.0.202305231506/tools/bin/../lib/gcc/arm-none-eabi/11.3.1/thumb/v7e-m/nofp/crti.o
LOAD D:/IDE/ST/STM32CubeIDE_1.13.0/STM32CubeIDE/plugins/com.st.stm32cube.ide.mcu.externaltools.gnu-tools-for-stm32.11.3.rel1.win32_1.1.0.202305231506/tools/bin/../lib/gcc/arm-none-eabi/11.3.1/thumb/v7e-m/nofp/crtbegin.o
LOAD D:/IDE/ST/STM32CubeIDE_1.13.0/STM32CubeIDE/plugins/com.st.stm32cube.ide.mcu.externaltools.gnu-tools-for-stm32.11.3.rel1.win32_1.1.0.202305231506/tools/bin/../lib/gcc/arm-none-eabi/11.3.1/../../../../arm-none-eabi/lib/thumb/v7e-m/nofp/crt0.o
LOAD ./Src/main.o
LOAD ./Src/syscalls.o
LOAD ./Src/sysmem.o
LOAD ./Startup/startup_stm32f446retx.o
LOAD ./drivers/GPIO/src/gpio.o
LOAD ./drivers/RCC/src/rcc.o
START GROUP
LOAD D:/IDE/ST/STM32CubeIDE_1.13.0/STM32CubeIDE/plugins/com.st.stm32cube.ide.mcu.externaltools.gnu-tools-for-stm32.11.3.rel1.win32_1.1.0.202305231506/tools/bin/../lib/gcc/arm-none-eabi/11.3.1/../../../../arm-none-eabi/lib/thumb/v7e-m/nofp\libc_nano.a
LOAD D:/IDE/ST/STM32CubeIDE_1.13.0/STM32CubeIDE/plugins/com.st.stm32cube.ide.mcu.externaltools.gnu-tools-for-stm32.11.3.rel1.win32_1.1.0.202305231506/tools/bin/../lib/gcc/arm-none-eabi/11.3.1/../../../../arm-none-eabi/lib/thumb/v7e-m/nofp\libm.a
END GROUP
START GROUP
LOAD D:/IDE/ST/STM32CubeIDE_1.13.0/STM32CubeIDE/plugins/com.st.stm32cube.ide.mcu.externaltools.gnu-tools-for-stm32.11.3.rel1.win32_1.1.0.202305231506/tools/bin/../lib/gcc/arm-none-eabi/11.3.1/thumb/v7e-m/nofp\libgcc.a
LOAD D:/IDE/ST/STM32CubeIDE_1.13.0/STM32CubeIDE/plugins/com.st.stm32cube.ide.mcu.externaltools.gnu-tools-for-stm32.11.3.rel1.win32_1.1.0.202305231506/tools/bin/../lib/gcc/arm-none-eabi/11.3.1/../../../../arm-none-eabi/lib/thumb/v7e-m/nofp\libc_nano.a
END GROUP
START GROUP
LOAD D:/IDE/ST/STM32CubeIDE_1.13.0/STM32CubeIDE/plugins/com.st.stm32cube.ide.mcu.externaltools.gnu-tools-for-stm32.11.3.rel1.win32_1.1.0.202305231506/tools/bin/../lib/gcc/arm-none-eabi/11.3.1/thumb/v7e-m/nofp\libgcc.a
LOAD D:/IDE/ST/STM32CubeIDE_1.13.0/STM32CubeIDE/plugins/com.st.stm32cube.ide.mcu.externaltools.gnu-tools-for-stm32.11.3.rel1.win32_1.1.0.202305231506/tools/bin/../lib/gcc/arm-none-eabi/11.3.1/../../../../arm-none-eabi/lib/thumb/v7e-m/nofp\libc_nano.a
LOAD D:/IDE/ST/STM32CubeIDE_1.13.0/STM32CubeIDE/plugins/com.st.stm32cube.ide.mcu.externaltools.gnu-tools-for-stm32.11.3.rel1.win32_1.1.0.202305231506/tools/bin/../lib/gcc/arm-none-eabi/11.3.1/../../../../arm-none-eabi/lib/thumb/v7e-m/nofp\libnosys.a
END GROUP
START GROUP
LOAD D:/IDE/ST/STM32CubeIDE_1.13.0/STM32CubeIDE/plugins/com.st.stm32cube.ide.mcu.externaltools.gnu-tools-for-stm32.11.3.rel1.win32_1.1.0.202305231506/tools/bin/../lib/gcc/arm-none-eabi/11.3.1/thumb/v7e-m/nofp\libgcc.a
LOAD D:/IDE/ST/STM32CubeIDE_1.13.0/STM32CubeIDE/plugins/com.st.stm32cube.ide.mcu.externaltools.gnu-tools-for-stm32.11.3.rel1.win32_1.1.0.202305231506/tools/bin/../lib/gcc/arm-none-eabi/11.3.1/../../../../arm-none-eabi/lib/thumb/v7e-m/nofp\libc_nano.a
LOAD D:/IDE/ST/STM32CubeIDE_1.13.0/STM32CubeIDE/plugins/com.st.stm32cube.ide.mcu.externaltools.gnu-tools-for-stm32.11.3.rel1.win32_1.1.0.202305231506/tools/bin/../lib/gcc/arm-none-eabi/11.3.1/../../../../arm-none-eabi/lib/thumb/v7e-m/nofp\libnosys.a
END GROUP
LOAD D:/IDE/ST/STM32CubeIDE_1.13.0/STM32CubeIDE/plugins/com.st.stm32cube.ide.mcu.externaltools.gnu-tools-for-stm32.11.3.rel1.win32_1.1.0.202305231506/tools/bin/../lib/gcc/arm-none-eabi/11.3.1/thumb/v7e-m/nofp/crtend.o
LOAD D:/IDE/ST/STM32CubeIDE_1.13.0/STM32CubeIDE/plugins/com.st.stm32cube.ide.mcu.externaltools.gnu-tools-for-stm32.11.3.rel1.win32_1.1.0.202305231506/tools/bin/../lib/gcc/arm-none-eabi/11.3.1/thumb/v7e-m/nofp/crtn.o
                0x0000000020020000                _estack = (ORIGIN (RAM) + LENGTH (RAM))
                0x0000000000000200                _Min_Heap_Size = 0x200
                0x0000000000000400                _Min_Stack_Size = 0x400

.isr_vector     0x0000000008000000      0x1c4
                0x0000000008000000                . = ALIGN (0x4)
 *(.isr_vector)
 .isr_vector    0x0000000008000000      0x1c4 ./Startup/startup_stm32f446retx.o
                0x0000000008000000                g_pfnVectors
                0x00000000080001c4                . = ALIGN (0x4)

.text           0x00000000080001c4      0x3d8
                0x00000000080001c4                . = ALIGN (0x4)
 *(.text)
 .text          0x00000000080001c4       0x40 D:/IDE/ST/STM32CubeIDE_1.13.0/STM32CubeIDE/plugins/com.st.stm32cube.ide.mcu.externaltools.gnu-tools-for-stm32.11.3.rel1.win32_1.1.0.202305231506/tools/bin/../lib/gcc/arm-none-eabi/11.3.1/thumb/v7e-m/nofp/crtbegin.o
 *(.text*)
 .text.main     0x0000000008000204       0x30 ./Src/main.o
                0x0000000008000204                main
 .text.Reset_Handler
                0x0000000008000234       0x50 ./Startup/startup_stm32f446retx.o
                0x0000000008000234                Reset_Handler
 .text.Default_Handler
                0x0000000008000284        0x2 ./Startup/startup_stm32f446retx.o
                0x0000000008000284                RTC_Alarm_IRQHandler
                0x0000000008000284                EXTI2_IRQHandler
                0x0000000008000284                TIM8_CC_IRQHandler
                0x0000000008000284                SPDIF_Rx_IRQHandler
                0x0000000008000284                DebugMon_Handler
                0x0000000008000284                SPI4_IRQHandler
                0x0000000008000284                TIM1_CC_IRQHandler
                0x0000000008000284                QuadSPI_IRQHandler
                0x0000000008000284                DMA2_Stream5_IRQHandler
                0x0000000008000284                HardFault_Handler
                0x0000000008000284                DMA1_Stream5_IRQHandler
                0x0000000008000284                SysTick_Handler
                0x0000000008000284                PVD_IRQHandler
                0x0000000008000284                SDIO_IRQHandler
                0x0000000008000284                TAMP_STAMP_IRQHandler
                0x0000000008000284                PendSV_Handler
                0x0000000008000284                NMI_Handler
                0x0000000008000284                CAN2_RX1_IRQHandler
                0x0000000008000284                EXTI3_IRQHandler
                0x0000000008000284                TIM8_TRG_COM_TIM14_IRQHandler
                0x0000000008000284                TIM1_UP_TIM10_IRQHandler
                0x0000000008000284                FMPI2C1_error_IRQHandler
                0x0000000008000284                TIM8_UP_TIM13_IRQHandler
                0x0000000008000284                I2C3_ER_IRQHandler
                0x0000000008000284                EXTI0_IRQHandler
                0x0000000008000284                I2C2_EV_IRQHandler
                0x0000000008000284                DMA1_Stream2_IRQHandler
                0x0000000008000284                CAN1_RX0_IRQHandler
                0x0000000008000284                OTG_HS_WKUP_IRQHandler
                0x0000000008000284                UsageFault_Handler
                0x0000000008000284                CAN2_SCE_IRQHandler
                0x0000000008000284                DMA2_Stream2_IRQHandler
                0x0000000008000284                SPI1_IRQHandler
                0x0000000008000284                TIM6_DAC_IRQHandler
                0x0000000008000284                TIM1_BRK_TIM9_IRQHandler
                0x0000000008000284                DCMI_IRQHandler
                0x0000000008000284                CAN2_RX0_IRQHandler
                0x0000000008000284                DMA2_Stream3_IRQHandler
                0x0000000008000284                FMPI2C1_IRQHandler
                0x0000000008000284                SAI2_IRQHandler
                0x0000000008000284                USART6_IRQHandler
                0x0000000008000284                USART3_IRQHandler
                0x0000000008000284                CAN1_RX1_IRQHandler
                0x0000000008000284                UART5_IRQHandler
                0x0000000008000284                DMA2_Stream0_IRQHandler
                0x0000000008000284                TIM4_IRQHandler
                0x0000000008000284                I2C1_EV_IRQHandler
                0x0000000008000284                HDMI_CEC_IRQHandler
                0x0000000008000284                DMA1_Stream6_IRQHandler
                0x0000000008000284                DMA1_Stream1_IRQHandler
                0x0000000008000284                UART4_IRQHandler
                0x0000000008000284                TIM3_IRQHandler
                0x0000000008000284                RCC_IRQHandler
                0x0000000008000284                TIM8_BRK_TIM12_IRQHandler
                0x0000000008000284                Default_Handler
                0x0000000008000284                EXTI15_10_IRQHandler
                0x0000000008000284                ADC_IRQHandler
                0x0000000008000284                DMA1_Stream7_IRQHandler
                0x0000000008000284                TIM7_IRQHandler
                0x0000000008000284                CAN2_TX_IRQHandler
                0x0000000008000284                TIM5_IRQHandler
                0x0000000008000284                DMA2_Stream7_IRQHandler
                0x0000000008000284                I2C3_EV_IRQHandler
                0x0000000008000284                EXTI9_5_IRQHandler
                0x0000000008000284                RTC_WKUP_IRQHandler
                0x0000000008000284                SPI2_IRQHandler
                0x0000000008000284                OTG_HS_EP1_IN_IRQHandler
                0x0000000008000284                MemManage_Handler
                0x0000000008000284                DMA1_Stream0_IRQHandler
                0x0000000008000284                CAN1_TX_IRQHandler
                0x0000000008000284                SVC_Handler
                0x0000000008000284                EXTI4_IRQHandler
                0x0000000008000284                OTG_HS_EP1_OUT_IRQHandler
                0x0000000008000284                WWDG_IRQHandler
                0x0000000008000284                TIM2_IRQHandler
                0x0000000008000284                OTG_FS_WKUP_IRQHandler
                0x0000000008000284                TIM1_TRG_COM_TIM11_IRQHandler
                0x0000000008000284                OTG_HS_IRQHandler
                0x0000000008000284                EXTI1_IRQHandler
                0x0000000008000284                USART2_IRQHandler
                0x0000000008000284                I2C2_ER_IRQHandler
                0x0000000008000284                DMA2_Stream1_IRQHandler
                0x0000000008000284                CAN1_SCE_IRQHandler
                0x0000000008000284                FLASH_IRQHandler
                0x0000000008000284                DMA2_Stream4_IRQHandler
                0x0000000008000284                BusFault_Handler
                0x0000000008000284                USART1_IRQHandler
                0x0000000008000284                OTG_FS_IRQHandler
                0x0000000008000284                SPI3_IRQHandler
                0x0000000008000284                DMA1_Stream4_IRQHandler
                0x0000000008000284                I2C1_ER_IRQHandler
                0x0000000008000284                FMC_IRQHandler
                0x0000000008000284                DMA2_Stream6_IRQHandler
                0x0000000008000284                SAI1_IRQHandler
                0x0000000008000284                DMA1_Stream3_IRQHandler
 *fill*         0x0000000008000286        0x2 
 .text.gpio_pin_mode
                0x0000000008000288      0x144 ./drivers/GPIO/src/gpio.o
                0x0000000008000288                gpio_pin_mode
 .text.gpio_pin_pull
                0x00000000080003cc       0xea ./drivers/GPIO/src/gpio.o
                0x00000000080003cc                gpio_pin_pull
 .text.gpio_pin_write
                0x00000000080004b6       0x58 ./drivers/GPIO/src/gpio.o
                0x00000000080004b6                gpio_pin_write
 *fill*         0x000000000800050e        0x2 
 .text.rcc_ahb1_clk_enable
                0x0000000008000510       0x2c ./drivers/RCC/src/rcc.o
                0x0000000008000510                rcc_ahb1_clk_enable
 .text.__libc_init_array
                0x000000000800053c       0x48 D:/IDE/ST/STM32CubeIDE_1.13.0/STM32CubeIDE/plugins/com.st.stm32cube.ide.mcu.externaltools.gnu-tools-for-stm32.11.3.rel1.win32_1.1.0.202305231506/tools/bin/../lib/gcc/arm-none-eabi/11.3.1/../../../../arm-none-eabi/lib/thumb/v7e-m/nofp\libc_nano.a(libc_a-init.o)
                0x000000000800053c                __libc_init_array
 *(.glue_7)
 .glue_7        0x0000000008000584        0x0 linker stubs
 *(.glue_7t)
 .glue_7t       0x0000000008000584        0x0 linker stubs
 *(.eh_frame)
 .eh_frame      0x0000000008000584        0x0 D:/IDE/ST/STM32CubeIDE_1.13.0/STM32CubeIDE/plugins/com.st.stm32cube.ide.mcu.externaltools.gnu-tools-for-stm32.11.3.rel1.win32_1.1.0.202305231506/tools/bin/../lib/gcc/arm-none-eabi/11.3.1/thumb/v7e-m/nofp/crtbegin.o
 *(.init)
 .init          0x0000000008000584        0x4 D:/IDE/ST/STM32CubeIDE_1.13.0/STM32CubeIDE/plugins/com.st.stm32cube.ide.mcu.externaltools.gnu-tools-for-stm32.11.3.rel1.win32_1.1.0.202305231506/tools/bin/../lib/gcc/arm-none-eabi/11.3.1/thumb/v7e-m/nofp/crti.o
                0x0000000008000584                _init
 .init          0x0000000008000588        0x8 D:/IDE/ST/STM32CubeIDE_1.13.0/STM32CubeIDE/plugins/com.st.stm32cube.ide.mcu.externaltools.gnu-tools-for-stm32.11.3.rel1.win32_1.1.0.202305231506/tools/bin/../lib/gcc/arm-none-eabi/11.3.1/thumb/v7e-m/nofp/crtn.o
 *(.fini)
 .fini          0x0000000008000590        0x4 D:/IDE/ST/STM32CubeIDE_1.13.0/STM32CubeIDE/plugins/com.st.stm32cube.ide.mcu.externaltools.gnu-tools-for-stm32.11.3.rel1.win32_1.1.0.202305231506/tools/bin/../lib/gcc/arm-none-eabi/11.3.1/thumb/v7e-m/nofp/crti.o
                0x0000000008000590                _fini
 .fini          0x0000000008000594        0x8 D:/IDE/ST/STM32CubeIDE_1.13.0/STM32CubeIDE/plugins/com.st.stm32cube.ide.mcu.externaltools.gnu-tools-for-stm32.11.3.rel1.win32_1.1.0.202305231506/tools/bin/../lib/gcc/arm-none-eabi/11.3.1/thumb/v7e-m/nofp/crtn.o
                0x000000000800059c                . = ALIGN (0x4)
                0x000000000800059c                _etext = .

.vfp11_veneer   0x000000000800059c        0x0
 .vfp11_veneer  0x000000000800059c        0x0 linker stubs

.v4_bx          0x000000000800059c        0x0
 .v4_bx         0x000000000800059c        0x0 linker stubs

.iplt           0x000000000800059c        0x0
 .iplt          0x000000000800059c        0x0 D:/IDE/ST/STM32CubeIDE_1.13.0/STM32CubeIDE/plugins/com.st.stm32cube.ide.mcu.externaltools.gnu-tools-for-stm32.11.3.rel1.win32_1.1.0.202305231506/tools/bin/../lib/gcc/arm-none-eabi/11.3.1/thumb/v7e-m/nofp/crtbegin.o

.rel.dyn        0x000000000800059c        0x0
 .rel.iplt      0x000000000800059c        0x0 D:/IDE/ST/STM32CubeIDE_1.13.0/STM32CubeIDE/plugins/com.st.stm32cube.ide.mcu.externaltools.gnu-tools-for-stm32.11.3.rel1.win32_1.1.0.202305231506/tools/bin/../lib/gcc/arm-none-eabi/11.3.1/thumb/v7e-m/nofp/crtbegin.o

.rodata         0x000000000800059c        0x0
                0x000000000800059c                . = ALIGN (0x4)
 *(.rodata)
 *(.rodata*)
                0x000000000800059c                . = ALIGN (0x4)

.ARM.extab      0x000000000800059c        0x0
                0x000000000800059c                . = ALIGN (0x4)
 *(.ARM.extab* .gnu.linkonce.armextab.*)
                0x000000000800059c                . = ALIGN (0x4)

.ARM            0x000000000800059c        0x0
                0x000000000800059c                . = ALIGN (0x4)
                0x000000000800059c                __exidx_start = .
 *(.ARM.exidx*)
                0x000000000800059c                __exidx_end = .
                0x000000000800059c                . = ALIGN (0x4)

.preinit_array  0x000000000800059c        0x0
                0x000000000800059c                . = ALIGN (0x4)
                0x000000000800059c                PROVIDE (__preinit_array_start = .)
 *(.preinit_array*)
                0x000000000800059c                PROVIDE (__preinit_array_end = .)
                0x000000000800059c                . = ALIGN (0x4)

.init_array     0x000000000800059c        0x4
                0x000000000800059c                . = ALIGN (0x4)
                0x000000000800059c                PROVIDE (__init_array_start = .)
 *(SORT_BY_NAME(.init_array.*))
 *(.init_array*)
 .init_array    0x000000000800059c        0x4 D:/IDE/ST/STM32CubeIDE_1.13.0/STM32CubeIDE/plugins/com.st.stm32cube.ide.mcu.externaltools.gnu-tools-for-stm32.11.3.rel1.win32_1.1.0.202305231506/tools/bin/../lib/gcc/arm-none-eabi/11.3.1/thumb/v7e-m/nofp/crtbegin.o
                0x00000000080005a0                PROVIDE (__init_array_end = .)
                0x00000000080005a0                . = ALIGN (0x4)

.fini_array     0x00000000080005a0        0x4
                0x00000000080005a0                . = ALIGN (0x4)
                [!provide]                        PROVIDE (__fini_array_start = .)
 *(SORT_BY_NAME(.fini_array.*))
 *(.fini_array*)
 .fini_array    0x00000000080005a0        0x4 D:/IDE/ST/STM32CubeIDE_1.13.0/STM32CubeIDE/plugins/com.st.stm32cube.ide.mcu.externaltools.gnu-tools-for-stm32.11.3.rel1.win32_1.1.0.202305231506/tools/bin/../lib/gcc/arm-none-eabi/11.3.1/thumb/v7e-m/nofp/crtbegin.o
                [!provide]                        PROVIDE (__fini_array_end = .)
                0x00000000080005a4                . = ALIGN (0x4)
                0x00000000080005a4                _sidata = LOADADDR (.data)

.data           0x0000000020000000        0x0 load address 0x00000000080005a4
                0x0000000020000000                . = ALIGN (0x4)
                0x0000000020000000                _sdata = .
 *(.data)
 *(.data*)
 *(.RamFunc)
 *(.RamFunc*)
                0x0000000020000000                . = ALIGN (0x4)
                0x0000000020000000                _edata = .

.igot.plt       0x0000000020000000        0x0 load address 0x00000000080005a4
 .igot.plt      0x0000000020000000        0x0 D:/IDE/ST/STM32CubeIDE_1.13.0/STM32CubeIDE/plugins/com.st.stm32cube.ide.mcu.externaltools.gnu-tools-for-stm32.11.3.rel1.win32_1.1.0.202305231506/tools/bin/../lib/gcc/arm-none-eabi/11.3.1/thumb/v7e-m/nofp/crtbegin.o
                0x0000000020000000                . = ALIGN (0x4)

.bss            0x0000000020000000       0x1c load address 0x00000000080005a4
                0x0000000020000000                _sbss = .
                0x0000000020000000                __bss_start__ = _sbss
 *(.bss)
 .bss           0x0000000020000000       0x1c D:/IDE/ST/STM32CubeIDE_1.13.0/STM32CubeIDE/plugins/com.st.stm32cube.ide.mcu.externaltools.gnu-tools-for-stm32.11.3.rel1.win32_1.1.0.202305231506/tools/bin/../lib/gcc/arm-none-eabi/11.3.1/thumb/v7e-m/nofp/crtbegin.o
 *(.bss*)
 *(COMMON)
                0x000000002000001c                . = ALIGN (0x4)
                0x000000002000001c                _ebss = .
                0x000000002000001c                __bss_end__ = _ebss

._user_heap_stack
                0x000000002000001c      0x604 load address 0x00000000080005a4
                0x0000000020000020                . = ALIGN (0x8)
 *fill*         0x000000002000001c        0x4 
                [!provide]                        PROVIDE (end = .)
                0x0000000020000020                PROVIDE (_end = .)
                0x0000000020000220                . = (. + _Min_Heap_Size)
 *fill*         0x0000000020000020      0x200 
                0x0000000020000620                . = (. + _Min_Stack_Size)
 *fill*         0x0000000020000220      0x400 
                0x0000000020000620                . = ALIGN (0x8)

/DISCARD/
 libc.a(*)
 libm.a(*)
 libgcc.a(*)

.ARM.attributes
                0x0000000000000000       0x2a
 *(.ARM.attributes)
 .ARM.attributes
                0x0000000000000000       0x1e D:/IDE/ST/STM32CubeIDE_1.13.0/STM32CubeIDE/plugins/com.st.stm32cube.ide.mcu.externaltools.gnu-tools-for-stm32.11.3.rel1.win32_1.1.0.202305231506/tools/bin/../lib/gcc/arm-none-eabi/11.3.1/thumb/v7e-m/nofp/crti.o
 .ARM.attributes
                0x000000000000001e       0x2e D:/IDE/ST/STM32CubeIDE_1.13.0/STM32CubeIDE/plugins/com.st.stm32cube.ide.mcu.externaltools.gnu-tools-for-stm32.11.3.rel1.win32_1.1.0.202305231506/tools/bin/../lib/gcc/arm-none-eabi/11.3.1/thumb/v7e-m/nofp/crtbegin.o
 .ARM.attributes
                0x000000000000004c       0x2e ./Src/main.o
 .ARM.attributes
                0x000000000000007a       0x21 ./Startup/startup_stm32f446retx.o
 .ARM.attributes
                0x000000000000009b       0x2e ./drivers/GPIO/src/gpio.o
 .ARM.attributes
                0x00000000000000c9       0x2e ./drivers/RCC/src/rcc.o
 .ARM.attributes
                0x00000000000000f7       0x2e D:/IDE/ST/STM32CubeIDE_1.13.0/STM32CubeIDE/plugins/com.st.stm32cube.ide.mcu.externaltools.gnu-tools-for-stm32.11.3.rel1.win32_1.1.0.202305231506/tools/bin/../lib/gcc/arm-none-eabi/11.3.1/../../../../arm-none-eabi/lib/thumb/v7e-m/nofp\libc_nano.a(libc_a-init.o)
 .ARM.attributes
                0x0000000000000125       0x1e D:/IDE/ST/STM32CubeIDE_1.13.0/STM32CubeIDE/plugins/com.st.stm32cube.ide.mcu.externaltools.gnu-tools-for-stm32.11.3.rel1.win32_1.1.0.202305231506/tools/bin/../lib/gcc/arm-none-eabi/11.3.1/thumb/v7e-m/nofp/crtn.o
OUTPUT(NUCLEO-F446RE.elf elf32-littlearm)
LOAD linker stubs
LOAD D:/IDE/ST/STM32CubeIDE_1.13.0/STM32CubeIDE/plugins/com.st.stm32cube.ide.mcu.externaltools.gnu-tools-for-stm32.11.3.rel1.win32_1.1.0.202305231506/tools/bin/../lib/gcc/arm-none-eabi/11.3.1/../../../../arm-none-eabi/lib/thumb/v7e-m/nofp\libc.a
LOAD D:/IDE/ST/STM32CubeIDE_1.13.0/STM32CubeIDE/plugins/com.st.stm32cube.ide.mcu.externaltools.gnu-tools-for-stm32.11.3.rel1.win32_1.1.0.202305231506/tools/bin/../lib/gcc/arm-none-eabi/11.3.1/../../../../arm-none-eabi/lib/thumb/v7e-m/nofp\libm.a
LOAD D:/IDE/ST/STM32CubeIDE_1.13.0/STM32CubeIDE/plugins/com.st.stm32cube.ide.mcu.externaltools.gnu-tools-for-stm32.11.3.rel1.win32_1.1.0.202305231506/tools/bin/../lib/gcc/arm-none-eabi/11.3.1/thumb/v7e-m/nofp\libgcc.a

.comment        0x0000000000000000       0x43
 .comment       0x0000000000000000       0x43 D:/IDE/ST/STM32CubeIDE_1.13.0/STM32CubeIDE/plugins/com.st.stm32cube.ide.mcu.externaltools.gnu-tools-for-stm32.11.3.rel1.win32_1.1.0.202305231506/tools/bin/../lib/gcc/arm-none-eabi/11.3.1/thumb/v7e-m/nofp/crtbegin.o
                                         0x44 (size before relaxing)
 .comment       0x0000000000000043       0x44 ./Src/main.o
 .comment       0x0000000000000043       0x44 ./drivers/GPIO/src/gpio.o
 .comment       0x0000000000000043       0x44 ./drivers/RCC/src/rcc.o

.debug_info     0x0000000000000000      0xbe1
 .debug_info    0x0000000000000000      0x2f1 ./Src/main.o
 .debug_info    0x00000000000002f1       0x23 ./Startup/startup_stm32f446retx.o
 .debug_info    0x0000000000000314      0x3c2 ./drivers/GPIO/src/gpio.o
 .debug_info    0x00000000000006d6      0x50b ./drivers/RCC/src/rcc.o

.debug_abbrev   0x0000000000000000      0x33a
 .debug_abbrev  0x0000000000000000       0xd3 ./Src/main.o
 .debug_abbrev  0x00000000000000d3       0x12 ./Startup/startup_stm32f446retx.o
 .debug_abbrev  0x00000000000000e5      0x113 ./drivers/GPIO/src/gpio.o
 .debug_abbrev  0x00000000000001f8      0x142 ./drivers/RCC/src/rcc.o

.debug_aranges  0x0000000000000000       0xf0
 .debug_aranges
                0x0000000000000000       0x20 ./Src/main.o
 .debug_aranges
                0x0000000000000020       0x28 ./Startup/startup_stm32f446retx.o
 .debug_aranges
                0x0000000000000048       0x40 ./drivers/GPIO/src/gpio.o
 .debug_aranges
                0x0000000000000088       0x68 ./drivers/RCC/src/rcc.o

.debug_rnglists
                0x0000000000000000       0xaa
 .debug_rnglists
                0x0000000000000000       0x13 ./Src/main.o
 .debug_rnglists
                0x0000000000000013       0x19 ./Startup/startup_stm32f446retx.o
 .debug_rnglists
                0x000000000000002c       0x2e ./drivers/GPIO/src/gpio.o
 .debug_rnglists
                0x000000000000005a       0x50 ./drivers/RCC/src/rcc.o

.debug_macro    0x0000000000000000     0x231e
 .debug_macro   0x0000000000000000       0x89 ./Src/main.o
 .debug_macro   0x0000000000000089      0xaa8 ./Src/main.o
 .debug_macro   0x0000000000000b31       0x22 ./Src/main.o
 .debug_macro   0x0000000000000b53       0x8e ./Src/main.o
 .debug_macro   0x0000000000000be1       0x51 ./Src/main.o
 .debug_macro   0x0000000000000c32      0x103 ./Src/main.o
 .debug_macro   0x0000000000000d35       0x6a ./Src/main.o
 .debug_macro   0x0000000000000d9f      0x1df ./Src/main.o
 .debug_macro   0x0000000000000f7e      0x93d ./Src/main.o
 .debug_macro   0x00000000000018bb       0x22 ./Src/main.o
 .debug_macro   0x00000000000018dd       0x85 ./drivers/GPIO/src/gpio.o
 .debug_macro   0x0000000000001962      0x937 ./drivers/GPIO/src/gpio.o
 .debug_macro   0x0000000000002299       0x85 ./drivers/RCC/src/rcc.o

.debug_line     0x0000000000000000     0x1206
 .debug_line    0x0000000000000000      0x4bb ./Src/main.o
 .debug_line    0x00000000000004bb       0x7b ./Startup/startup_stm32f446retx.o
 .debug_line    0x0000000000000536      0x5e4 ./drivers/GPIO/src/gpio.o
 .debug_line    0x0000000000000b1a      0x6ec ./drivers/RCC/src/rcc.o

.debug_str      0x0000000000000000     0x52e7
 .debug_str     0x0000000000000000     0x4dbb ./Src/main.o
                                       0x4f1f (size before relaxing)
 .debug_str     0x0000000000004dbb       0x2f ./Startup/startup_stm32f446retx.o
                                         0x51 (size before relaxing)
 .debug_str     0x0000000000004dea       0xdb ./drivers/GPIO/src/gpio.o
                                       0x4f5c (size before relaxing)
 .debug_str     0x0000000000004ec5      0x422 ./drivers/RCC/src/rcc.o
                                       0x514f (size before relaxing)

.debug_frame    0x0000000000000000      0x2b0
 .debug_frame   0x0000000000000000       0x2c ./Src/main.o
 .debug_frame   0x000000000000002c       0xd8 ./drivers/GPIO/src/gpio.o
 .debug_frame   0x0000000000000104      0x180 ./drivers/RCC/src/rcc.o
 .debug_frame   0x0000000000000284       0x2c D:/IDE/ST/STM32CubeIDE_1.13.0/STM32CubeIDE/plugins/com.st.stm32cube.ide.mcu.externaltools.gnu-tools-for-stm32.11.3.rel1.win32_1.1.0.202305231506/tools/bin/../lib/gcc/arm-none-eabi/11.3.1/../../../../arm-none-eabi/lib/thumb/v7e-m/nofp\libc_nano.a(libc_a-init.o)

.debug_line_str
                0x0000000000000000       0x45
 .debug_line_str
                0x0000000000000000       0x45 ./Startup/startup_stm32f446retx.o
                                         0x5d (size before relaxing)
