../drivers/RCC/src/rcc.c:9:13:AHB_PRE_SELECT	16	static
../drivers/RCC/src/rcc.c:76:13:APB1_PRE_SELECT	16	static
../drivers/RCC/src/rcc.c:110:13:APB2_PRE_SELECT	16	static
../drivers/RCC/src/rcc.c:145:6:rcc_sys_init_hsi	16	static
../drivers/RCC/src/rcc.c:169:6:rcc_sys_init_hse	16	static
../drivers/RCC/src/rcc.c:193:6:rcc_sys_init_pllp_42MHz_all	8	static
../drivers/RCC/src/rcc.c:253:6:rcc_sys_init_pllr_32MHz_all	8	static
../drivers/RCC/src/rcc.c:314:6:rcc_ahb1_clk_enable	16	static
../drivers/RCC/src/rcc.c:318:6:rcc_ahb2_clk_enable	16	static
../drivers/RCC/src/rcc.c:322:6:rcc_ahb3_clk_enable	16	static
../drivers/RCC/src/rcc.c:327:6:rcc_apb1_clk_enable	16	static
../drivers/RCC/src/rcc.c:332:6:rcc_apb2_clk_enable	16	static
